<area shape="rect" href="$classkml__LinearRing.html" title="&lt;LinearRing&gt;, a closed line string." alt="" coords="5,221,131,245">
<area shape="rect" href="$classkml__LineString.html" title="&lt;LineString&gt; class." alt="" coords="155,221,277,245">
<area shape="rect" href="$classkml__Model.html" title="kml_Model" alt="" coords="301,221,397,245">
<area shape="rect" href="$classkml__MultiGeometry.html" title="kml_MultiGeometry" alt="" coords="421,221,573,245">
<area shape="rect" href="$classkml__Point.html" title="kml_Point" alt="" coords="597,221,685,245">
<area shape="rect" href="$classkml__Polygon.html" title="kml_Polygon" alt="" coords="709,221,819,245">
<area shape="rect" href="$classkml__Object.html" title="kml_Object" alt="" coords="373,77,472,101">
<area shape="rect" href="$classkml__root.html" title="hello dsqdqsd sdqsdsqd" alt="" coords="383,5,463,29">
<area shape="rect" href="$classskml__Circle.html" title="Renders a circle using &lt;LineaRing&gt;." alt="" coords="17,293,119,317">
